15 January 2012 11:51:59 AM

SANDIA_SGMGA_SIZE_PRB
  C++ version
  Test SANDIA_SGMGA_SIZE and SANDIA_SGMGA_SIZE_TOTAL.

SANDIA_SGMGA_SIZE_TESTS
  Call SANDIA_SGMGA_SIZE_TEST with various arguments.

  Point equality tolerance = 1.49012e-08

SANDIA_SGMGA_SIZE_TEST
  SANDIA_SGMGA_SIZE_TOTAL counts the total number of points,
  including duplications, in an SANDIA_SGMGA sparse grid.
  SANDIA_SGMGA_SIZE counts the total number of points,
  excluding duplications, in an SANDIA_SGMGA sparse grid.

  IMPORTANCE:                 1               1
  LEVEL_WEIGHT:               1               1
   DIM_NUM LEVEL_MAX POINT_NUM POINT_NUM
                        Unique     Total

         2         0         1         1
         2         1         5         7
         2         2        13        25
         2         3        29        67
         2         4        65       161
         2         5       145       371

SANDIA_SGMGA_SIZE_TEST
  SANDIA_SGMGA_SIZE_TOTAL counts the total number of points,
  including duplications, in an SANDIA_SGMGA sparse grid.
  SANDIA_SGMGA_SIZE counts the total number of points,
  excluding duplications, in an SANDIA_SGMGA sparse grid.

  IMPORTANCE:                 1               2
  LEVEL_WEIGHT:               1             0.5
   DIM_NUM LEVEL_MAX POINT_NUM POINT_NUM
                        Unique     Total

         2         0         1         1
         2         1         3         3
         2         2         7         9
         2         3        15        21
         2         4        29        45
         2         5        57        93

SANDIA_SGMGA_SIZE_TEST
  SANDIA_SGMGA_SIZE_TOTAL counts the total number of points,
  including duplications, in an SANDIA_SGMGA sparse grid.
  SANDIA_SGMGA_SIZE counts the total number of points,
  excluding duplications, in an SANDIA_SGMGA sparse grid.

  IMPORTANCE:                 1               1               1
  LEVEL_WEIGHT:               1               1               1
   DIM_NUM LEVEL_MAX POINT_NUM POINT_NUM
                        Unique     Total

         3         0         1         1
         3         1         7        10
         3         2        25        52
         3         3        69       195
         3         4       177       609
         3         5       441      1710

SANDIA_SGMGA_SIZE_TEST
  SANDIA_SGMGA_SIZE_TOTAL counts the total number of points,
  including duplications, in an SANDIA_SGMGA sparse grid.
  SANDIA_SGMGA_SIZE counts the total number of points,
  excluding duplications, in an SANDIA_SGMGA sparse grid.

  IMPORTANCE:                 1               2               3
  LEVEL_WEIGHT:               1             0.5        0.333333
   DIM_NUM LEVEL_MAX POINT_NUM POINT_NUM
                        Unique     Total

         3         0         1         1
         3         1         3         3
         3         2         7         9
         3         3        19        33
         3         4        33        58
         3         5        63       119

SANDIA_SGMGA_SIZE_TEST
  SANDIA_SGMGA_SIZE_TOTAL counts the total number of points,
  including duplications, in an SANDIA_SGMGA sparse grid.
  SANDIA_SGMGA_SIZE counts the total number of points,
  excluding duplications, in an SANDIA_SGMGA sparse grid.

  IMPORTANCE:                 1               2
  LEVEL_WEIGHT:               1             0.5
   DIM_NUM LEVEL_MAX POINT_NUM POINT_NUM
                        Unique     Total

         2         0         1         1
         2         1         3         3
         2         2         9        11

SANDIA_SGMGA_SIZE_TEST
  SANDIA_SGMGA_SIZE_TOTAL counts the total number of points,
  including duplications, in an SANDIA_SGMGA sparse grid.
  SANDIA_SGMGA_SIZE counts the total number of points,
  excluding duplications, in an SANDIA_SGMGA sparse grid.

  IMPORTANCE:                 1               2
  LEVEL_WEIGHT:               1             0.5
   DIM_NUM LEVEL_MAX POINT_NUM POINT_NUM
                        Unique     Total

         2         0         1         1
         2         1         3         3
         2         2         9        11

SANDIA_SGMGA_SIZE_TEST
  SANDIA_SGMGA_SIZE_TOTAL counts the total number of points,
  including duplications, in an SANDIA_SGMGA sparse grid.
  SANDIA_SGMGA_SIZE counts the total number of points,
  excluding duplications, in an SANDIA_SGMGA sparse grid.

  IMPORTANCE:                 1               2
  LEVEL_WEIGHT:               1             0.5
   DIM_NUM LEVEL_MAX POINT_NUM POINT_NUM
                        Unique     Total

         2         0         1         1
         2         1         3         3
         2         2        10        11

SANDIA_SGMGA_SIZE_TEST
  SANDIA_SGMGA_SIZE_TOTAL counts the total number of points,
  including duplications, in an SANDIA_SGMGA sparse grid.
  SANDIA_SGMGA_SIZE counts the total number of points,
  excluding duplications, in an SANDIA_SGMGA sparse grid.

  IMPORTANCE:                 1               2
  LEVEL_WEIGHT:               1             0.5
   DIM_NUM LEVEL_MAX POINT_NUM POINT_NUM
                        Unique     Total

         2         0         1         1
         2         1         3         3
         2         2        10        11

SANDIA_SGMGA_SIZE_TEST
  SANDIA_SGMGA_SIZE_TOTAL counts the total number of points,
  including duplications, in an SANDIA_SGMGA sparse grid.
  SANDIA_SGMGA_SIZE counts the total number of points,
  excluding duplications, in an SANDIA_SGMGA sparse grid.

  IMPORTANCE:                 1               2
  LEVEL_WEIGHT:               1             0.5
   DIM_NUM LEVEL_MAX POINT_NUM POINT_NUM
                        Unique     Total

         2         0         1         1
         2         1         3         3
         2         2        12        13

SANDIA_SGMGA_SIZE_TEST
  SANDIA_SGMGA_SIZE_TOTAL counts the total number of points,
  including duplications, in an SANDIA_SGMGA sparse grid.
  SANDIA_SGMGA_SIZE counts the total number of points,
  excluding duplications, in an SANDIA_SGMGA sparse grid.

  IMPORTANCE:                 1               2
  LEVEL_WEIGHT:               1             0.5
   DIM_NUM LEVEL_MAX POINT_NUM POINT_NUM
                        Unique     Total

         2         0         1         1
         2         1         3         3
         2         2        11        13

SANDIA_SGMGA_SIZE_TEST
  SANDIA_SGMGA_SIZE_TOTAL counts the total number of points,
  including duplications, in an SANDIA_SGMGA sparse grid.
  SANDIA_SGMGA_SIZE counts the total number of points,
  excluding duplications, in an SANDIA_SGMGA sparse grid.

  IMPORTANCE:                 1               2               3
  LEVEL_WEIGHT:               1             0.5        0.333333
   DIM_NUM LEVEL_MAX POINT_NUM POINT_NUM
                        Unique     Total

         3         0         1         1
         3         1         3         3
         3         2         7         9

SANDIA_SGMGA_SIZE_TEST
  SANDIA_SGMGA_SIZE_TOTAL counts the total number of points,
  including duplications, in an SANDIA_SGMGA sparse grid.
  SANDIA_SGMGA_SIZE counts the total number of points,
  excluding duplications, in an SANDIA_SGMGA sparse grid.

  IMPORTANCE:                 1               0               1
  LEVEL_WEIGHT:               1               0               1
   DIM_NUM LEVEL_MAX POINT_NUM POINT_NUM
                        Unique     Total

         3         0         1         1
         3         1         5         7
         3         2        13        25
         3         3        29        67

SANDIA_SGMGA_SIZE_PRB
  Normal end of execution.

15 January 2012 11:51:59 AM
