14 January 2012 11:33:41 AM

SANDIA_SGMGA_PRODUCT_WEIGHT_PRB
  C++ version
  Test the SANDIA_SGMGA_PRODUCT_WEIGHT function.

SANDIA_SGMGA_PRODUCT_WEIGHT_TESTS
  Call SANDIA_SGMGA_PRODUCT_WEIGHT_TEST with various arguments.

SANDIA_SGMGA_PRODUCT_WEIGHT_TEST:
  Compute the weights of a mixed factor product grid.

  Spatial dimension DIM_NUM = 2

 Dimension      Order

         0         3
         1         5

    Weight sum

               4

SANDIA_SGMGA_PRODUCT_WEIGHT_TEST:
  Compute the weights of a mixed factor product grid.

  Spatial dimension DIM_NUM = 2

 Dimension      Order

         0         3
         1         7

    Weight sum

         3.54491

SANDIA_SGMGA_PRODUCT_WEIGHT_TEST:
  Compute the weights of a mixed factor product grid.

  Spatial dimension DIM_NUM = 2

 Dimension      Order

         0         3
         1         3

    Weight sum

               2

SANDIA_SGMGA_PRODUCT_WEIGHT_TEST:
  Compute the weights of a mixed factor product grid.

  Spatial dimension DIM_NUM = 2

 Dimension      Order

         0         5
         1         5

    Weight sum

         2.65868

SANDIA_SGMGA_PRODUCT_WEIGHT_TEST:
  Compute the weights of a mixed factor product grid.

  Spatial dimension DIM_NUM = 2

 Dimension      Order

         0         5
         1         5

    Weight sum

         3.14159

SANDIA_SGMGA_PRODUCT_WEIGHT_TEST:
  Compute the weights of a mixed factor product grid.

  Spatial dimension DIM_NUM = 2

 Dimension      Order

         0         7
         1         9

    Weight sum

          1.5708

SANDIA_SGMGA_PRODUCT_WEIGHT_TEST:
  Compute the weights of a mixed factor product grid.

  Spatial dimension DIM_NUM = 3

 Dimension      Order

         0         2
         1         3
         2         3

    Weight sum

         7.08982

SANDIA_SGMGA_PRODUCT_WEIGHT_PRB
  Normal end of execution.

14 January 2012 11:33:41 AM
